[     423ms] [INFO] %cDownload the React DevTools for a better development experience: https://react.dev/link/react-devtools font-weight:bold @ http://localhost:3002/_next/static/chunks/node_modules_next_dist_115brz8._.js:2431
[     447ms] [LOG] [HMR] connected @ http://localhost:3002/_next/static/chunks/node_modules_next_dist_115brz8._.js:2431
[     525ms] [LOG] %c[Vercel Web Analytics]%c Debug mode is enabled by default in development. No requests will be sent to the server. color: rgb(120, 120, 120) color: inherit @ http://localhost:3002/_next/static/chunks/node_modules_next_dist_115brz8._.js:2431
[     525ms] [LOG] %c[Vercel Web Analytics]%c [view] http://localhost:3002/rankings color: rgb(120, 120, 120) color: inherit {o: http://localhost:3002/rankings, sv: 0.1.3, sdkn: @vercel/analytics/react, sdkv: 2.0.1, ts: 1776256821598} /_vercel/insights/view @ http://localhost:3002/_next/static/chunks/node_modules_next_dist_115brz8._.js:2431
[     595ms] [LOG] [Fast Refresh] rebuilding @ http://localhost:3002/_next/static/chunks/node_modules_next_dist_115brz8._.js:2431
[     745ms] [LOG] [Fast Refresh] done in 250ms @ http://localhost:3002/_next/static/chunks/node_modules_next_dist_115brz8._.js:2431
[   42583ms] [ERROR] Failed to load resource: the server responded with a status of 404 (Not Found) @ http://localhost:3002/flags/ne.png:0
[   42654ms] [ERROR] Failed to load resource: the server responded with a status of 404 (Not Found) @ http://localhost:3002/flags/hk.png:0
[   42687ms] [ERROR] Failed to load resource: the server responded with a status of 404 (Not Found) @ http://localhost:3002/flags/gr.png:0
[   42734ms] [ERROR] Failed to load resource: the server responded with a status of 404 (Not Found) @ http://localhost:3002/flags/lt.png:0
[   42764ms] [ERROR] Failed to load resource: the server responded with a status of 404 (Not Found) @ http://localhost:3002/flags/bo.png:0
[   42833ms] [LOG] [Fast Refresh] rebuilding @ http://localhost:3002/_next/static/chunks/node_modules_next_dist_115brz8._.js:2431
[   42936ms] [LOG] [Fast Refresh] done in 204ms @ http://localhost:3002/_next/static/chunks/node_modules_next_dist_115brz8._.js:2431
[   42943ms] [ERROR] Failed to load resource: the server responded with a status of 404 (Not Found) @ http://localhost:3002/flags/tu.png:0
[   43010ms] [ERROR] Failed to load resource: the server responded with a status of 404 (Not Found) @ http://localhost:3002/flags/lb.png:0
[   43019ms] [ERROR] Failed to load resource: the server responded with a status of 404 (Not Found) @ http://localhost:3002/flags/ka.png:0
[   43102ms] [ERROR] Failed to load resource: the server responded with a status of 404 (Not Found) @ http://localhost:3002/flags/md.png:0
[   43115ms] [ERROR] Failed to load resource: the server responded with a status of 404 (Not Found) @ http://localhost:3002/flags/cy.png:0
[   43157ms] [ERROR] Failed to load resource: the server responded with a status of 404 (Not Found) @ http://localhost:3002/flags/al.png:0
[   43172ms] [ERROR] Failed to load resource: the server responded with a status of 404 (Not Found) @ http://localhost:3002/flags/tn.png:0
[   54451ms] [LOG] [Fast Refresh] rebuilding @ http://localhost:3002/_next/static/chunks/node_modules_next_dist_115brz8._.js:2431
[   54467ms] [LOG] [Fast Refresh] done in 131ms @ http://localhost:3002/_next/static/chunks/node_modules_next_dist_115brz8._.js:2431
[   54512ms] [ERROR] Failed to load resource: the server responded with a status of 404 (Not Found) @ http://localhost:3002/flags/ne.png:0
[   54512ms] [ERROR] Failed to load resource: the server responded with a status of 404 (Not Found) @ http://localhost:3002/flags/lt.png:0
[   54560ms] [ERROR] Failed to load resource: the server responded with a status of 404 (Not Found) @ http://localhost:3002/flags/bo.png:0
[   54595ms] [ERROR] Failed to load resource: the server responded with a status of 404 (Not Found) @ http://localhost:3002/flags/tu.png:0
[   54597ms] [ERROR] Failed to load resource: the server responded with a status of 404 (Not Found) @ http://localhost:3002/flags/md.png:0
[   97382ms] [LOG] [DEBUG] onInput fired, value: xtapia @ http://localhost:3002/_next/static/chunks/node_modules_next_dist_115brz8._.js:2431
[  126460ms] [LOG] [Fast Refresh] rebuilding @ http://localhost:3002/_next/static/chunks/node_modules_next_dist_115brz8._.js:2431
[  126586ms] [LOG] [Rankings] query state: "xtapia" players: 1000 @ http://localhost:3002/_next/static/chunks/node_modules_next_dist_115brz8._.js:2431
[  126589ms] [LOG] [Rankings] useMemo filter running, q: "xtapia" @ http://localhost:3002/_next/static/chunks/node_modules_next_dist_115brz8._.js:2431
[  126595ms] [LOG] [Rankings] useMemo filter running, q: "xtapia" @ http://localhost:3002/_next/static/chunks/node_modules_next_dist_115brz8._.js:2431
[  126598ms] [LOG] [Rankings] query state: "xtapia" players: 1000 @ http://localhost:3002/_next/static/chunks/node_modules_next_dist_115brz8._.js:2431
[  126602ms] [LOG] [Rankings] query state: "" players: 1000 @ http://localhost:3002/_next/static/chunks/node_modules_next_dist_115brz8._.js:2431
[  126602ms] [LOG] [Rankings] useMemo filter running, q: "" @ http://localhost:3002/_next/static/chunks/node_modules_next_dist_115brz8._.js:2431
[  126602ms] [LOG] [Rankings] useMemo filter running, q: "" @ http://localhost:3002/_next/static/chunks/node_modules_next_dist_115brz8._.js:2431
[  126603ms] [LOG] [Rankings] query state: "" players: 1000 @ http://localhost:3002/_next/static/chunks/node_modules_next_dist_115brz8._.js:2431
[  126604ms] [LOG] [Fast Refresh] done in 221ms @ http://localhost:3002/_next/static/chunks/node_modules_next_dist_115brz8._.js:2431
[  126608ms] [LOG] [Rankings] query state: "" players: 1000 @ http://localhost:3002/_next/static/chunks/node_modules_next_dist_115brz8._.js:2431
[  126610ms] [LOG] [Rankings] query state: "" players: 1000 @ http://localhost:3002/_next/static/chunks/node_modules_next_dist_115brz8._.js:2431
[  126951ms] [LOG] [Rankings] query state: "" players: 1000 @ http://localhost:3002/_next/static/chunks/node_modules_next_dist_115brz8._.js:2431
[  126951ms] [LOG] [Rankings] useMemo filter running, q: "" @ http://localhost:3002/_next/static/chunks/node_modules_next_dist_115brz8._.js:2431
[  126951ms] [LOG] [Rankings] useMemo filter running, q: "" @ http://localhost:3002/_next/static/chunks/node_modules_next_dist_115brz8._.js:2431
[  126953ms] [LOG] [Rankings] query state: "" players: 1000 @ http://localhost:3002/_next/static/chunks/node_modules_next_dist_115brz8._.js:2431
[  127036ms] [LOG] [Rankings] query state: "" players: 1000 @ http://localhost:3002/_next/static/chunks/node_modules_next_dist_115brz8._.js:2431
[  127038ms] [LOG] [Rankings] query state: "" players: 1000 @ http://localhost:3002/_next/static/chunks/node_modules_next_dist_115brz8._.js:2431
