[     247ms] [INFO] %cDownload the React DevTools for a better development experience: https://react.dev/link/react-devtools font-weight:bold @ http://localhost:3002/_next/static/chunks/node_modules_next_dist_115brz8._.js:2431
[     266ms] [LOG] [HMR] connected @ http://localhost:3002/_next/static/chunks/node_modules_next_dist_115brz8._.js:2431
[     326ms] [LOG] %c[Vercel Web Analytics]%c Debug mode is enabled by default in development. No requests will be sent to the server. color: rgb(120, 120, 120) color: inherit @ http://localhost:3002/_next/static/chunks/node_modules_next_dist_115brz8._.js:2431
[     327ms] [LOG] %c[Vercel Web Analytics]%c [view] http://localhost:3002/pt/matches color: rgb(120, 120, 120) color: inherit {o: http://localhost:3002/pt/matches, sv: 0.1.3, sdkn: @vercel/analytics/react, sdkv: 2.0.1, ts: 1776260321206} /_vercel/insights/view @ http://localhost:3002/_next/static/chunks/node_modules_next_dist_115brz8._.js:2431
[     395ms] [LOG] [Fast Refresh] rebuilding @ http://localhost:3002/_next/static/chunks/node_modules_next_dist_115brz8._.js:2431
[     508ms] [LOG] [Fast Refresh] done in 226ms @ http://localhost:3002/_next/static/chunks/node_modules_next_dist_115brz8._.js:2431
[   30090ms] [INFO] %cDownload the React DevTools for a better development experience: https://react.dev/link/react-devtools font-weight:bold @ http://localhost:3002/_next/static/chunks/node_modules_next_dist_115brz8._.js:2431
[   30108ms] [LOG] [HMR] connected @ http://localhost:3002/_next/static/chunks/node_modules_next_dist_115brz8._.js:2431
[   30159ms] [LOG] %c[Vercel Web Analytics]%c Debug mode is enabled by default in development. No requests will be sent to the server. color: rgb(120, 120, 120) color: inherit @ http://localhost:3002/_next/static/chunks/node_modules_next_dist_115brz8._.js:2431
[   30159ms] [LOG] %c[Vercel Web Analytics]%c [view] http://localhost:3002/es/matches color: rgb(120, 120, 120) color: inherit {o: http://localhost:3002/es/matches, sv: 0.1.3, sdkn: @vercel/analytics/react, sdkv: 2.0.1, ts: 1776260351038} /_vercel/insights/view @ http://localhost:3002/_next/static/chunks/node_modules_next_dist_115brz8._.js:2431
[   30225ms] [LOG] [Fast Refresh] rebuilding @ http://localhost:3002/_next/static/chunks/node_modules_next_dist_115brz8._.js:2431
[   30236ms] [LOG] [Fast Refresh] done in 117ms @ http://localhost:3002/_next/static/chunks/node_modules_next_dist_115brz8._.js:2431
[   31590ms] [INFO] %cDownload the React DevTools for a better development experience: https://react.dev/link/react-devtools font-weight:bold @ http://localhost:3002/_next/static/chunks/node_modules_next_dist_115brz8._.js:2431
[   31603ms] [LOG] [HMR] connected @ http://localhost:3002/_next/static/chunks/node_modules_next_dist_115brz8._.js:2431
[   31635ms] [LOG] %c[Vercel Web Analytics]%c Debug mode is enabled by default in development. No requests will be sent to the server. color: rgb(120, 120, 120) color: inherit @ http://localhost:3002/_next/static/chunks/node_modules_next_dist_115brz8._.js:2431
[   31636ms] [LOG] %c[Vercel Web Analytics]%c [view] http://localhost:3002/fr/matches color: rgb(120, 120, 120) color: inherit {o: http://localhost:3002/fr/matches, sv: 0.1.3, sdkn: @vercel/analytics/react, sdkv: 2.0.1, ts: 1776260352515} /_vercel/insights/view @ http://localhost:3002/_next/static/chunks/node_modules_next_dist_115brz8._.js:2431
[   32974ms] [INFO] %cDownload the React DevTools for a better development experience: https://react.dev/link/react-devtools font-weight:bold @ http://localhost:3002/_next/static/chunks/node_modules_next_dist_115brz8._.js:2431
[   33010ms] [LOG] [HMR] connected @ http://localhost:3002/_next/static/chunks/node_modules_next_dist_115brz8._.js:2431
[   33049ms] [LOG] %c[Vercel Web Analytics]%c Debug mode is enabled by default in development. No requests will be sent to the server. color: rgb(120, 120, 120) color: inherit @ http://localhost:3002/_next/static/chunks/node_modules_next_dist_115brz8._.js:2431
[   33049ms] [LOG] %c[Vercel Web Analytics]%c [view] http://localhost:3002/it/matches color: rgb(120, 120, 120) color: inherit {o: http://localhost:3002/it/matches, sv: 0.1.3, sdkn: @vercel/analytics/react, sdkv: 2.0.1, ts: 1776260353928} /_vercel/insights/view @ http://localhost:3002/_next/static/chunks/node_modules_next_dist_115brz8._.js:2431
[ 2101870ms] [LOG] [Fast Refresh] rebuilding @ http://localhost:3002/_next/static/chunks/node_modules_next_dist_115brz8._.js:2431
[ 2101990ms] [LOG] [Fast Refresh] done in 221ms @ http://localhost:3002/_next/static/chunks/node_modules_next_dist_115brz8._.js:2431
[ 2200527ms] [LOG] [Fast Refresh] rebuilding @ http://localhost:3002/_next/static/chunks/node_modules_next_dist_115brz8._.js:2431
[ 2200585ms] [LOG] [Fast Refresh] done in 160ms @ http://localhost:3002/_next/static/chunks/node_modules_next_dist_115brz8._.js:2431
[ 2256896ms] [LOG] [Fast Refresh] rebuilding @ http://localhost:3002/_next/static/chunks/node_modules_next_dist_115brz8._.js:2431
[ 2256976ms] [LOG] [Fast Refresh] done in 164ms @ http://localhost:3002/_next/static/chunks/node_modules_next_dist_115brz8._.js:2431
[ 2266647ms] [LOG] [Fast Refresh] rebuilding @ http://localhost:3002/_next/static/chunks/node_modules_next_dist_115brz8._.js:2431
[ 2266838ms] [LOG] [Fast Refresh] done in 273ms @ http://localhost:3002/_next/static/chunks/node_modules_next_dist_115brz8._.js:2431
[ 2857289ms] [LOG] [Fast Refresh] rebuilding @ http://localhost:3002/_next/static/chunks/node_modules_next_dist_115brz8._.js:2431
[ 2857505ms] [LOG] [Fast Refresh] done in 310ms @ http://localhost:3002/_next/static/chunks/node_modules_next_dist_115brz8._.js:2431
[ 2865243ms] [LOG] [Fast Refresh] rebuilding @ http://localhost:3002/_next/static/chunks/node_modules_next_dist_115brz8._.js:2431
[ 2865277ms] [LOG] [Fast Refresh] done in 93ms @ http://localhost:3002/_next/static/chunks/node_modules_next_dist_115brz8._.js:2431
[ 3665080ms] [LOG] [Fast Refresh] rebuilding @ http://localhost:3002/_next/static/chunks/node_modules_next_dist_115brz8._.js:2431
[ 3665434ms] [WARNING] [Fast Refresh] performing full reload

Fast Refresh will perform a full reload when you edit a file that's imported by modules outside of the React rendering tree.
You might have a file which exports a React component but also exports a value that is imported by a non-React component file.
Consider migrating the non-React component export to a separate file and importing it into both files.

It is also possible the parent component of the component you edited is a class component, which disables Fast Refresh.
Fast Refresh requires at least one parent function component in your React tree. @ http://localhost:3002/_next/static/chunks/node_modules_next_dist_115brz8._.js:2431
[ 3665440ms] [LOG] [Fast Refresh] done in 454ms @ http://localhost:3002/_next/static/chunks/node_modules_next_dist_115brz8._.js:2431
[ 3666114ms] [INFO] %cDownload the React DevTools for a better development experience: https://react.dev/link/react-devtools font-weight:bold @ http://localhost:3002/_next/static/chunks/node_modules_next_dist_115brz8._.js:2431
[ 3666173ms] [LOG] [HMR] connected @ http://localhost:3002/_next/static/chunks/node_modules_next_dist_115brz8._.js:2431
[ 3666548ms] [LOG] %c[Vercel Web Analytics]%c Debug mode is enabled by default in development. No requests will be sent to the server. color: rgb(120, 120, 120) color: inherit @ http://localhost:3002/_next/static/chunks/node_modules_next_dist_115brz8._.js:2431
[ 3666549ms] [LOG] %c[Vercel Web Analytics]%c [view] http://localhost:3002/it/matches color: rgb(120, 120, 120) color: inherit {o: http://localhost:3002/it/matches, sv: 0.1.3, sdkn: @vercel/analytics/react, sdkv: 2.0.1, ts: 1776263987428} /_vercel/insights/view @ http://localhost:3002/_next/static/chunks/node_modules_next_dist_115brz8._.js:2431
